c:\_dev\fabv24.0\_fab\releasevb\dlls\mm2adminprocess.lib
c:\_dev\fabv24.0\_fab\releasevb\dlls\mm2adminprocess.exp
c:\_dev\fabv24.0\_source\adminprocess\releasevb\vc142.pdb
c:\_dev\fabv24.0\_source\adminprocess\releasevb\adminprocess.sbr
c:\_dev\fabv24.0\_source\adminprocess\releasevb\stdafx.sbr
c:\_dev\fabv24.0\_source\adminprocess\releasevb\stdafx.obj
c:\_dev\fabv24.0\_source\adminprocess\releasevb\adminprocess.obj
c:\_dev\fabv24.0\_fab\releasevb\dlls\mm2adminprocess.dll
c:\_dev\fabv24.0\_fab\releasevb\dlls\mm2adminprocess.pdb
c:\_dev\fabv24.0\_source\adminprocess\releasevb\adminprocess.res
c:\_dev\fabv24.0\_source\adminprocess\releasevb\adminprocess.tlog\adminprocess.write.1u.tlog
c:\_dev\fabv24.0\_source\adminprocess\releasevb\adminprocess.tlog\bscmake.command.1.tlog
c:\_dev\fabv24.0\_source\adminprocess\releasevb\adminprocess.tlog\bscmake.read.1.tlog
c:\_dev\fabv24.0\_source\adminprocess\releasevb\adminprocess.tlog\cl.command.1.tlog
c:\_dev\fabv24.0\_source\adminprocess\releasevb\adminprocess.tlog\cl.read.1.tlog
c:\_dev\fabv24.0\_source\adminprocess\releasevb\adminprocess.tlog\cl.write.1.tlog
c:\_dev\fabv24.0\_source\adminprocess\releasevb\adminprocess.tlog\link.command.1.tlog
c:\_dev\fabv24.0\_source\adminprocess\releasevb\adminprocess.tlog\link.read.1.tlog
c:\_dev\fabv24.0\_source\adminprocess\releasevb\adminprocess.tlog\link.write.1.tlog
c:\_dev\fabv24.0\_source\adminprocess\releasevb\adminprocess.tlog\rc.command.1.tlog
c:\_dev\fabv24.0\_source\adminprocess\releasevb\adminprocess.tlog\rc.read.1.tlog
c:\_dev\fabv24.0\_source\adminprocess\releasevb\adminprocess.tlog\rc.write.1.tlog
