Build started 3/14/2021 3:15:53 AM.
     1>Project "C:\_Dev\WeCIM22-master2\Temp_Last_From_Edwin\WeCIM20-master\_source\DB\DB.vcxproj" on node 6 (Build target(s)).
     1>ClCompile:
         C:\Program Files (x86)\Microsoft Visual Studio 12.0\VC\bin\CL.exe /c /Zi /nologo /W1 /WX- /O2 /Oy- /Gm- /EHsc /MD /GS /fp:precise /Zc:wchar_t /Zc:forScope /Fo"Template\\" /Fd"Template\vc120.pdb" /Gd /TP /analyze- /errorReport:prompt DB.cpp dbarc.cpp DbCommand.cpp DbContainer.cpp dbcurve.cpp dbentity.cpp DbEntityVisitor.cpp DbFeature.cpp dbhole.cpp DbIterator.cpp dblayer.cpp dbline.cpp DbPattern.cpp dbpoint.cpp DbProfile.cpp DbSeqIterator.cpp DbSequence.cpp dbtool.cpp DbWorkplane.cpp DisplayEntity.cpp EntityCopier.cpp entitydb.cpp StdAfx.cpp ToolSetup.cpp Undo.cpp
         DB.cpp
     1>DB.cpp(4): fatal error C1083: Cannot open include file: 'stdafx.h': No such file or directory
         dbarc.cpp
     1>dbarc.cpp(2): fatal error C1083: Cannot open include file: 'stdafx.h': No such file or directory
         DbCommand.cpp
     1>DbCommand.cpp(2): fatal error C1083: Cannot open include file: 'stdafx.h': No such file or directory
         DbContainer.cpp
     1>DbContainer.cpp(2): fatal error C1083: Cannot open include file: 'stdafx.h': No such file or directory
         dbcurve.cpp
     1>dbcurve.cpp(2): fatal error C1083: Cannot open include file: 'stdafx.h': No such file or directory
         dbentity.cpp
     1>dbentity.cpp(2): fatal error C1083: Cannot open include file: 'stdafx.h': No such file or directory
         DbEntityVisitor.cpp
     1>DbEntityVisitor.cpp(2): fatal error C1083: Cannot open include file: 'stdafx.h': No such file or directory
         DbFeature.cpp
     1>DbFeature.cpp(2): fatal error C1083: Cannot open include file: 'stdafx.h': No such file or directory
         dbhole.cpp
     1>dbhole.cpp(2): fatal error C1083: Cannot open include file: 'stdafx.h': No such file or directory
         DbIterator.cpp
     1>DbIterator.cpp(2): fatal error C1083: Cannot open include file: 'stdafx.h': No such file or directory
         dblayer.cpp
     1>dblayer.cpp(2): fatal error C1083: Cannot open include file: 'stdafx.h': No such file or directory
         dbline.cpp
     1>dbline.cpp(2): fatal error C1083: Cannot open include file: 'stdafx.h': No such file or directory
         DbPattern.cpp
     1>DbPattern.cpp(2): fatal error C1083: Cannot open include file: 'stdafx.h': No such file or directory
         dbpoint.cpp
     1>dbpoint.cpp(2): fatal error C1083: Cannot open include file: 'stdafx.h': No such file or directory
         DbProfile.cpp
     1>DbProfile.cpp(2): fatal error C1083: Cannot open include file: 'stdafx.h': No such file or directory
         DbSeqIterator.cpp
     1>DbSeqIterator.cpp(2): fatal error C1083: Cannot open include file: 'stdafx.h': No such file or directory
         DbSequence.cpp
     1>DbSequence.cpp(2): fatal error C1083: Cannot open include file: 'stdafx.h': No such file or directory
         dbtool.cpp
     1>dbtool.cpp(2): fatal error C1083: Cannot open include file: 'stdafx.h': No such file or directory
         DbWorkplane.cpp
     1>DbWorkplane.cpp(2): fatal error C1083: Cannot open include file: 'stdafx.h': No such file or directory
         DisplayEntity.cpp
     1>DisplayEntity.cpp(10): fatal error C1083: Cannot open include file: 'stdafx.h': No such file or directory
         Generating Code...
         Compiling...
         EntityCopier.cpp
     1>EntityCopier.cpp(2): fatal error C1083: Cannot open include file: 'stdafx.h': No such file or directory
         entitydb.cpp
     1>entitydb.cpp(2): fatal error C1083: Cannot open include file: 'stdafx.h': No such file or directory
         StdAfx.cpp
     1>StdAfx.cpp(5): fatal error C1083: Cannot open include file: 'stdafx.h': No such file or directory
         ToolSetup.cpp
     1>ToolSetup.cpp(2): fatal error C1083: Cannot open include file: 'stdafx.h': No such file or directory
         Undo.cpp
     1>Undo.cpp(2): fatal error C1083: Cannot open include file: 'stdafx.h': No such file or directory
         Generating Code...
     1>Done Building Project "C:\_Dev\WeCIM22-master2\Temp_Last_From_Edwin\WeCIM20-master\_source\DB\DB.vcxproj" (Build target(s)) -- FAILED.

Build FAILED.

Time Elapsed 00:00:00.97
