Build started 3/14/2021 3:15:57 AM.
     1>Project "C:\_Dev\WeCIM22-master2\Temp_Last_From_Edwin\WeCIM20-master\_source\SolveProcess\SolveProcess.vcxproj" on node 7 (Build target(s)).
     1>ClCompile:
         C:\Program Files (x86)\Microsoft Visual Studio 12.0\VC\bin\CL.exe /c /Zi /nologo /W1 /WX- /O2 /Oy- /Gm- /EHsc /MD /GS /fp:precise /Zc:wchar_t /Zc:forScope /Fo"Template\\" /Fd"Template\vc120.pdb" /Gd /TP /analyze- /errorReport:prompt ExpLexer.cpp ExpParser.cpp Intersect.cpp SolveProcess.cpp SolveProcess2.cpp SolveProcess3.cpp StdAfx.cpp TrimExtDlg.cpp
         ExpLexer.cpp
     1>ExpLexer.cpp(502): fatal error C1083: Cannot open include file: 'stdafx.h': No such file or directory
         ExpParser.cpp
     1>ExpParser.cpp(28): fatal error C1083: Cannot open include file: 'stdafx.h': No such file or directory
         Intersect.cpp
     1>Intersect.cpp(2): fatal error C1083: Cannot open include file: 'stdafx.h': No such file or directory
         SolveProcess.cpp
     1>SolveProcess.cpp(4): fatal error C1083: Cannot open include file: 'stdafx.h': No such file or directory
         SolveProcess2.cpp
     1>SolveProcess2.cpp(4): fatal error C1083: Cannot open include file: 'stdafx.h': No such file or directory
         SolveProcess3.cpp
     1>SolveProcess3.cpp(4): fatal error C1083: Cannot open include file: 'stdafx.h': No such file or directory
         StdAfx.cpp
     1>StdAfx.cpp(5): fatal error C1083: Cannot open include file: 'stdafx.h': No such file or directory
         TrimExtDlg.cpp
     1>TrimExtDlg.cpp(4): fatal error C1083: Cannot open include file: 'stdafx.h': No such file or directory
         Generating Code...
     1>Done Building Project "C:\_Dev\WeCIM22-master2\Temp_Last_From_Edwin\WeCIM20-master\_source\SolveProcess\SolveProcess.vcxproj" (Build target(s)) -- FAILED.

Build FAILED.

Time Elapsed 00:00:00.89
