Build started 3/14/2021 3:15:56 AM.
     1>Project "C:\_Dev\WeCIM22-master2\Temp_Last_From_Edwin\WeCIM20-master\_source\FileProcess\FileProcess.vcxproj" on node 6 (Build target(s)).
     1>ClCompile:
         C:\Program Files (x86)\Microsoft Visual Studio 12.0\VC\bin\CL.exe /c /Zi /nologo /W1 /WX- /O2 /Oy- /Gm- /EHsc /MD /GS /fp:precise /Zc:wchar_t /Zc:forScope /Fo"Template\\" /Fd"Template\vc120.pdb" /Gd /TP /analyze- /errorReport:prompt dxf.cpp dxf_read.cpp extascii.cpp FileProcess.cpp MacroDump.cpp StdAfx.cpp
         dxf.cpp
     1>dxf.cpp(6): fatal error C1083: Cannot open include file: 'stdafx.h': No such file or directory
         dxf_read.cpp
     1>dxf_read.cpp(19): fatal error C1083: Cannot open include file: 'stdafx.h': No such file or directory
         extascii.cpp
     1>extascii.cpp(2): fatal error C1083: Cannot open include file: 'stdafx.h': No such file or directory
         FileProcess.cpp
     1>FileProcess.cpp(4): fatal error C1083: Cannot open include file: 'stdafx.h': No such file or directory
         MacroDump.cpp
     1>MacroDump.cpp(2): fatal error C1083: Cannot open include file: 'stdafx.h': No such file or directory
         StdAfx.cpp
     1>StdAfx.cpp(5): fatal error C1083: Cannot open include file: 'stdafx.h': No such file or directory
         Generating Code...
     1>Done Building Project "C:\_Dev\WeCIM22-master2\Temp_Last_From_Edwin\WeCIM20-master\_source\FileProcess\FileProcess.vcxproj" (Build target(s)) -- FAILED.

Build FAILED.

Time Elapsed 00:00:00.41
