Build started 3/14/2021 3:15:52 AM.
     1>Project "C:\_Dev\WeCIM22-master2\Temp_Last_From_Edwin\WeCIM20-master\_source\CmdPkg\CmdPkg.vcxproj" on node 2 (Build target(s)).
     1>ClCompile:
         C:\Program Files (x86)\Microsoft Visual Studio 12.0\VC\bin\CL.exe /c /Zi /nologo /W1 /WX- /O2 /Oy- /Gm- /EHsc /MD /GS /fp:precise /Zc:wchar_t /Zc:forScope /Fo"Template\\" /Fd"Template\vc120.pdb" /Gd /TP /analyze- /errorReport:prompt CmdLexer.cpp CmdParser.cpp CmdPkg.cpp CmdProcess.cpp Command.cpp RouteList.cpp StdAfx.cpp
         CmdLexer.cpp
     1>CmdLexer.cpp(474): fatal error C1083: Cannot open include file: 'stdafx.h': No such file or directory
         CmdParser.cpp
     1>CmdParser.cpp(28): fatal error C1083: Cannot open include file: 'stdafx.h': No such file or directory
         CmdPkg.cpp
     1>CmdPkg.cpp(4): fatal error C1083: Cannot open include file: 'stdafx.h': No such file or directory
         CmdProcess.cpp
     1>CmdProcess.cpp(6): fatal error C1083: Cannot open include file: 'stdafx.h': No such file or directory
         Command.cpp
     1>Command.cpp(23): fatal error C1083: Cannot open include file: 'stdafx.h': No such file or directory
         RouteList.cpp
     1>RouteList.cpp(10): fatal error C1083: Cannot open include file: 'stdafx.h': No such file or directory
         StdAfx.cpp
     1>StdAfx.cpp(5): fatal error C1083: Cannot open include file: 'stdafx.h': No such file or directory
         Generating Code...
     1>Done Building Project "C:\_Dev\WeCIM22-master2\Temp_Last_From_Edwin\WeCIM20-master\_source\CmdPkg\CmdPkg.vcxproj" (Build target(s)) -- FAILED.

Build FAILED.

Time Elapsed 00:00:00.53
