Build started 3/14/2021 3:15:54 AM.
     1>Project "C:\_Dev\WeCIM22-master2\Temp_Last_From_Edwin\WeCIM20-master\_source\Model\Model.vcxproj" on node 3 (Build target(s)).
     1>ClCompile:
         C:\Program Files (x86)\Microsoft Visual Studio 12.0\VC\bin\CL.exe /c /Zi /nologo /W1 /WX- /O2 /Oy- /Gm- /EHsc /MD /GS /fp:precise /Zc:wchar_t /Zc:forScope /Fo"Template\\" /Fd"Template\vc120.pdb" /Gd /TP /analyze- /errorReport:prompt AutoModDb.cpp Conversion.cpp model.cpp Model_dll.cpp selector.cpp SelectorStack.cpp StdAfx.cpp StdCurveFilter.cpp TreeViewSupport.cpp
         AutoModDb.cpp
     1>AutoModDb.cpp(2): fatal error C1083: Cannot open include file: 'stdafx.h': No such file or directory
         Conversion.cpp
     1>Conversion.cpp(2): fatal error C1083: Cannot open include file: 'stdafx.h': No such file or directory
         model.cpp
     1>model.cpp(2): fatal error C1083: Cannot open include file: 'stdafx.h': No such file or directory
         Model_dll.cpp
     1>Model_dll.cpp(4): fatal error C1083: Cannot open include file: 'stdafx.h': No such file or directory
         selector.cpp
     1>selector.cpp(2): fatal error C1083: Cannot open include file: 'stdafx.h': No such file or directory
         SelectorStack.cpp
     1>SelectorStack.cpp(2): fatal error C1083: Cannot open include file: 'stdafx.h': No such file or directory
         StdAfx.cpp
     1>StdAfx.cpp(5): fatal error C1083: Cannot open include file: 'stdafx.h': No such file or directory
         StdCurveFilter.cpp
     1>StdCurveFilter.cpp(2): fatal error C1083: Cannot open include file: 'stdafx.h': No such file or directory
         TreeViewSupport.cpp
     1>TreeViewSupport.cpp(2): fatal error C1083: Cannot open include file: 'stdafx.h': No such file or directory
         Generating Code...
     1>Done Building Project "C:\_Dev\WeCIM22-master2\Temp_Last_From_Edwin\WeCIM20-master\_source\Model\Model.vcxproj" (Build target(s)) -- FAILED.

Build FAILED.

Time Elapsed 00:00:00.42
