Build started 3/14/2021 3:15:50 AM.
     1>Project "C:\_Dev\WeCIM22-master2\Temp_Last_From_Edwin\WeCIM20-master\_source\Math\Math.vcxproj" on node 2 (Build target(s)).
     1>ClCompile:
         C:\Program Files (x86)\Microsoft Visual Studio 12.0\VC\bin\CL.exe /c /Zi /nologo /W1 /WX- /O2 /Oy- /Gm- /EHsc /MD /GS /fp:precise /Zc:wchar_t /Zc:forScope /Fo"Template\\" /Fd"Template\vc120.pdb" /Gd /TP /analyze- /errorReport:prompt 2dCoord.cpp 2dUnitVec.cpp 2dVec.cpp 3dCoord.cpp 3dUnitVec.cpp 3dVec.cpp 3x4Matrix.cpp Math.cpp StdAfx.cpp
         2dCoord.cpp
     1>2dCoord.cpp(2): fatal error C1083: Cannot open include file: 'stdafx.h': No such file or directory
         2dUnitVec.cpp
     1>2dUnitVec.cpp(2): fatal error C1083: Cannot open include file: 'stdafx.h': No such file or directory
         2dVec.cpp
     1>2dVec.cpp(2): fatal error C1083: Cannot open include file: 'stdafx.h': No such file or directory
         3dCoord.cpp
     1>3dCoord.cpp(2): fatal error C1083: Cannot open include file: 'stdafx.h': No such file or directory
         3dUnitVec.cpp
     1>3dUnitVec.cpp(2): fatal error C1083: Cannot open include file: 'stdafx.h': No such file or directory
         3dVec.cpp
     1>3dVec.cpp(2): fatal error C1083: Cannot open include file: 'stdafx.h': No such file or directory
         3x4Matrix.cpp
     1>3x4Matrix.cpp(8): fatal error C1083: Cannot open include file: 'stdafx.h': No such file or directory
         Math.cpp
     1>Math.cpp(4): fatal error C1083: Cannot open include file: 'stdafx.h': No such file or directory
         StdAfx.cpp
     1>StdAfx.cpp(5): fatal error C1083: Cannot open include file: 'stdafx.h': No such file or directory
         Generating Code...
     1>Done Building Project "C:\_Dev\WeCIM22-master2\Temp_Last_From_Edwin\WeCIM20-master\_source\Math\Math.vcxproj" (Build target(s)) -- FAILED.

Build FAILED.

Time Elapsed 00:00:00.90
