Build started 3/14/2021 3:15:56 AM.
     1>Project "C:\_Dev\WeCIM22-master2\Temp_Last_From_Edwin\WeCIM20-master\_source\ViewPkg\ViewPkg.vcxproj" on node 5 (Build target(s)).
     1>ClCompile:
         C:\Program Files (x86)\Microsoft Visual Studio 12.0\VC\bin\CL.exe /c /Zi /nologo /W1 /WX- /O2 /Oy- /Gm- /EHsc /MD /GS /fp:precise /Zc:wchar_t /Zc:forScope /Fo"Template\\" /Fd"Template\vc120.pdb" /Gd /TP /analyze- /errorReport:prompt dlgViewOptions.cpp glCanvas.cpp oglViewWire.cpp PrinterSettings.cpp StdAfx.cpp viewbase.cpp viewmgr.cpp ViewPkg.cpp ViewStack.cpp ViewXform.cpp
         dlgViewOptions.cpp
     1>dlgViewOptions.cpp(4): fatal error C1083: Cannot open include file: 'stdafx.h': No such file or directory
         glCanvas.cpp
     1>glCanvas.cpp(10): fatal error C1083: Cannot open include file: 'stdafx.h': No such file or directory
         oglViewWire.cpp
     1>oglViewWire.cpp(8): fatal error C1083: Cannot open include file: 'stdafx.h': No such file or directory
         PrinterSettings.cpp
     1>PrinterSettings.cpp(5): fatal error C1083: Cannot open include file: 'stdafx.h': No such file or directory
         StdAfx.cpp
     1>StdAfx.cpp(5): fatal error C1083: Cannot open include file: 'stdafx.h': No such file or directory
         viewbase.cpp
     1>viewbase.cpp(10): fatal error C1083: Cannot open include file: 'stdafx.h': No such file or directory
         viewmgr.cpp
     1>viewmgr.cpp(8): fatal error C1083: Cannot open include file: 'stdafx.h': No such file or directory
         ViewPkg.cpp
     1>ViewPkg.cpp(4): fatal error C1083: Cannot open include file: 'stdafx.h': No such file or directory
         ViewStack.cpp
     1>ViewStack.cpp(10): fatal error C1083: Cannot open include file: 'stdafx.h': No such file or directory
         ViewXform.cpp
     1>ViewXform.cpp(6): fatal error C1083: Cannot open include file: 'stdafx.h': No such file or directory
         Generating Code...
     1>Done Building Project "C:\_Dev\WeCIM22-master2\Temp_Last_From_Edwin\WeCIM20-master\_source\ViewPkg\ViewPkg.vcxproj" (Build target(s)) -- FAILED.

Build FAILED.

Time Elapsed 00:00:00.49
