Build started 3/14/2021 3:15:55 AM.
     1>Project "C:\_Dev\WeCIM22-master2\Temp_Last_From_Edwin\WeCIM20-master\_source\Policy\Policy.vcxproj" on node 3 (Build target(s)).
     1>ClCompile:
         C:\Program Files (x86)\Microsoft Visual Studio 12.0\VC\bin\CL.exe /c /Zi /nologo /W1 /WX- /O2 /Oy- /Gm- /EHsc /MD /GS /fp:precise /Zc:wchar_t /Zc:forScope /Fo"Template\\" /Fd"Template\vc120.pdb" /Gd /TP /analyze- /errorReport:prompt automod.cpp AutoPuncher.cpp autotool.cpp CadLayer.cpp DbToolGen.cpp GeoProfileBuilder.cpp ImportUtil.cpp ModelUtil.cpp Nibbler.cpp Offsetter.cpp Policy.cpp ProfileBuilder.cpp PunchDecomposer.cpp PunchMatcher.cpp StdAfx.cpp
         automod.cpp
     1>automod.cpp(2): fatal error C1083: Cannot open include file: 'stdafx.h': No such file or directory
         AutoPuncher.cpp
     1>AutoPuncher.cpp(2): fatal error C1083: Cannot open include file: 'stdafx.h': No such file or directory
         autotool.cpp
     1>autotool.cpp(2): fatal error C1083: Cannot open include file: 'stdafx.h': No such file or directory
         CadLayer.cpp
     1>CadLayer.cpp(2): fatal error C1083: Cannot open include file: 'stdafx.h': No such file or directory
         DbToolGen.cpp
     1>DbToolGen.cpp(2): fatal error C1083: Cannot open include file: 'stdafx.h': No such file or directory
         GeoProfileBuilder.cpp
     1>GeoProfileBuilder.cpp(2): fatal error C1083: Cannot open include file: 'stdafx.h': No such file or directory
         ImportUtil.cpp
     1>ImportUtil.cpp(2): fatal error C1083: Cannot open include file: 'stdafx.h': No such file or directory
         ModelUtil.cpp
     1>ModelUtil.cpp(2): fatal error C1083: Cannot open include file: 'stdafx.h': No such file or directory
         Nibbler.cpp
     1>Nibbler.cpp(18): fatal error C1083: Cannot open include file: 'stdafx.h': No such file or directory
         Offsetter.cpp
     1>Offsetter.cpp(2): fatal error C1083: Cannot open include file: 'stdafx.h': No such file or directory
         Policy.cpp
     1>Policy.cpp(4): fatal error C1083: Cannot open include file: 'stdafx.h': No such file or directory
         ProfileBuilder.cpp
     1>ProfileBuilder.cpp(2): fatal error C1083: Cannot open include file: 'stdafx.h': No such file or directory
         PunchDecomposer.cpp
     1>PunchDecomposer.cpp(2): fatal error C1083: Cannot open include file: 'stdafx.h': No such file or directory
         PunchMatcher.cpp
     1>PunchMatcher.cpp(2): fatal error C1083: Cannot open include file: 'stdafx.h': No such file or directory
         StdAfx.cpp
     1>StdAfx.cpp(5): fatal error C1083: Cannot open include file: 'stdafx.h': No such file or directory
         Generating Code...
     1>Done Building Project "C:\_Dev\WeCIM22-master2\Temp_Last_From_Edwin\WeCIM20-master\_source\Policy\Policy.vcxproj" (Build target(s)) -- FAILED.

Build FAILED.

Time Elapsed 00:00:00.65
