Build started 3/14/2021 3:15:53 AM.
     1>Project "C:\_Dev\WeCIM22-master2\Temp_Last_From_Edwin\WeCIM20-master\_source\Gouge\Gouge.vcxproj" on node 2 (Build target(s)).
     1>ClCompile:
         C:\Program Files (x86)\Microsoft Visual Studio 12.0\VC\bin\CL.exe /c /Zi /nologo /W1 /WX- /O2 /Oy- /Gm- /EHsc /MD /GS /fp:precise /Zc:wchar_t /Zc:forScope /Fo"Template\\" /Fd"Template\vc120.pdb" /Gd /TP /analyze- /errorReport:prompt Gouge.cpp StdAfx.cpp WmChain.cpp WmChainAssigner.cpp WmChainDegouger.cpp WmChainIntsctor.cpp WmChainIterator.cpp WmChainResolver.cpp WmChainSplitter.cpp WmCrvRec.cpp WmCrvRecExtData.cpp WmElem.cpp WmIntRec.cpp WmNode.cpp WmSubchn.cpp
         Gouge.cpp
     1>Gouge.cpp(4): fatal error C1083: Cannot open include file: 'stdafx.h': No such file or directory
         StdAfx.cpp
     1>StdAfx.cpp(5): fatal error C1083: Cannot open include file: 'stdafx.h': No such file or directory
         WmChain.cpp
     1>WmChain.cpp(2): fatal error C1083: Cannot open include file: 'stdafx.h': No such file or directory
         WmChainAssigner.cpp
     1>WmChainAssigner.cpp(2): fatal error C1083: Cannot open include file: 'stdafx.h': No such file or directory
         WmChainDegouger.cpp
     1>WmChainDegouger.cpp(2): fatal error C1083: Cannot open include file: 'stdafx.h': No such file or directory
         WmChainIntsctor.cpp
     1>WmChainIntsctor.cpp(2): fatal error C1083: Cannot open include file: 'stdafx.h': No such file or directory
         WmChainIterator.cpp
     1>WmChainIterator.cpp(2): fatal error C1083: Cannot open include file: 'stdafx.h': No such file or directory
         WmChainResolver.cpp
     1>WmChainResolver.cpp(2): fatal error C1083: Cannot open include file: 'stdafx.h': No such file or directory
         WmChainSplitter.cpp
     1>WmChainSplitter.cpp(2): fatal error C1083: Cannot open include file: 'stdafx.h': No such file or directory
         WmCrvRec.cpp
     1>WmCrvRec.cpp(2): fatal error C1083: Cannot open include file: 'stdafx.h': No such file or directory
         WmCrvRecExtData.cpp
     1>WmCrvRecExtData.cpp(2): fatal error C1083: Cannot open include file: 'stdafx.h': No such file or directory
         WmElem.cpp
     1>WmElem.cpp(2): fatal error C1083: Cannot open include file: 'stdafx.h': No such file or directory
         WmIntRec.cpp
     1>WmIntRec.cpp(2): fatal error C1083: Cannot open include file: 'stdafx.h': No such file or directory
         WmNode.cpp
     1>WmNode.cpp(2): fatal error C1083: Cannot open include file: 'stdafx.h': No such file or directory
         WmSubchn.cpp
     1>WmSubchn.cpp(2): fatal error C1083: Cannot open include file: 'stdafx.h': No such file or directory
         Generating Code...
     1>Done Building Project "C:\_Dev\WeCIM22-master2\Temp_Last_From_Edwin\WeCIM20-master\_source\Gouge\Gouge.vcxproj" (Build target(s)) -- FAILED.

Build FAILED.

Time Elapsed 00:00:00.64
