Build started 3/14/2021 3:15:56 AM.
     1>Project "C:\_Dev\WeCIM22-master2\Temp_Last_From_Edwin\WeCIM20-master\_source\Portal\Portal.vcxproj" on node 2 (Build target(s)).
     1>ClCompile:
         C:\Program Files (x86)\Microsoft Visual Studio 12.0\VC\bin\CL.exe /c /Zi /nologo /W1 /WX- /O2 /Oy- /Gm- /EHsc /MD /GS /fp:precise /Zc:wchar_t /Zc:forScope /Fo"Template\\" /Fd"Template\vc120.pdb" /Gd /TP /analyze- /errorReport:prompt Ci_System_CiPortal.cpp CmdRecorder.cpp JniPortal.cpp portal.cpp StdAfx.cpp Weng_System_Portal.cpp
         Ci_System_CiPortal.cpp
     1>Ci_System_CiPortal.cpp(2): fatal error C1083: Cannot open include file: 'stdafx.h': No such file or directory
         CmdRecorder.cpp
     1>c:\_dev\wecim22-master2\temp_last_from_edwin\wecim20-master\_source\portal\CmdRecorder.h(5): fatal error C1083: Cannot open include file: 'stdafx.h': No such file or directory
         JniPortal.cpp
     1>JniPortal.cpp(2): fatal error C1083: Cannot open include file: 'stdafx.h': No such file or directory
         portal.cpp
     1>portal.cpp(5): fatal error C1083: Cannot open include file: 'stdafx.h': No such file or directory
         StdAfx.cpp
     1>StdAfx.cpp(5): fatal error C1083: Cannot open include file: 'stdafx.h': No such file or directory
         Weng_System_Portal.cpp
     1>Weng_System_Portal.cpp(2): fatal error C1083: Cannot open include file: 'stdafx.h': No such file or directory
         Generating Code...
     1>Done Building Project "C:\_Dev\WeCIM22-master2\Temp_Last_From_Edwin\WeCIM20-master\_source\Portal\Portal.vcxproj" (Build target(s)) -- FAILED.

Build FAILED.

Time Elapsed 00:00:00.37
