Build started 3/14/2021 3:15:55 AM.
     1>Project "C:\_Dev\WeCIM22-master2\Temp_Last_From_Edwin\WeCIM20-master\_source\FileMgr\FileMgr.vcxproj" on node 5 (Build target(s)).
     1>ClCompile:
         C:\Program Files (x86)\Microsoft Visual Studio 12.0\VC\bin\CL.exe /c /Zi /nologo /W1 /WX- /O2 /Oy- /Gm- /EHsc /MD /GS /fp:precise /Zc:wchar_t /Zc:forScope /Fo"Template\\" /Fd"Template\vc120.pdb" /Gd /TP /analyze- /errorReport:prompt dwg_file.cpp DxfWriter.cpp FileMgr.cpp mm2.cpp Mm2Read0_001.cpp mm2write.cpp ModelText.cpp StdAfx.cpp
         dwg_file.cpp
     1>dwg_file.cpp(13): fatal error C1083: Cannot open include file: 'stdafx.h': No such file or directory
         DxfWriter.cpp
     1>DxfWriter.cpp(2): fatal error C1083: Cannot open include file: 'StdAfx.h': No such file or directory
         FileMgr.cpp
     1>FileMgr.cpp(4): fatal error C1083: Cannot open include file: 'stdafx.h': No such file or directory
         mm2.cpp
     1>mm2.cpp(2): fatal error C1083: Cannot open include file: 'stdafx.h': No such file or directory
         Mm2Read0_001.cpp
     1>Mm2Read0_001.cpp(2): fatal error C1083: Cannot open include file: 'stdafx.h': No such file or directory
         mm2write.cpp
     1>mm2write.cpp(2): fatal error C1083: Cannot open include file: 'stdafx.h': No such file or directory
         ModelText.cpp
     1>ModelText.cpp(2): fatal error C1083: Cannot open include file: 'stdafx.h': No such file or directory
         StdAfx.cpp
     1>StdAfx.cpp(5): fatal error C1083: Cannot open include file: 'stdafx.h': No such file or directory
         Generating Code...
     1>Done Building Project "C:\_Dev\WeCIM22-master2\Temp_Last_From_Edwin\WeCIM20-master\_source\FileMgr\FileMgr.vcxproj" (Build target(s)) -- FAILED.

Build FAILED.

Time Elapsed 00:00:00.45
