Build started 3/14/2021 3:15:57 AM.
     1>Project "C:\_Dev\WeCIM22-master2\Temp_Last_From_Edwin\WeCIM20-master\_source\CreateProcess\CreateProcess.vcxproj" on node 3 (Build target(s)).
     1>ClCompile:
         C:\Program Files (x86)\Microsoft Visual Studio 12.0\VC\bin\CL.exe /c /Zi /nologo /W1 /WX- /O2 /Oy- /Gm- /EHsc /MD /GS /fp:precise /Zc:wchar_t /Zc:forScope /Fo"Template\\" /Fd"Template\vc120.pdb" /Gd /TP /analyze- /errorReport:prompt cpcreate.cpp CPFeature.cpp CPFont.cpp CPLead.cpp CPPartOutline.cpp CPPattern.cpp CPProfile.cpp CPToolpath.cpp CPZone.cpp CreateProcess.cpp Ephemeral.cpp geometry.cpp StdAfx.cpp Transform.cpp weGeoArc.cpp weGeoCurve.cpp weGeoHole.cpp weGeoLine.cpp
         cpcreate.cpp
     1>cpcreate.cpp(2): fatal error C1083: Cannot open include file: 'stdafx.h': No such file or directory
         CPFeature.cpp
     1>CPFeature.cpp(2): fatal error C1083: Cannot open include file: 'stdafx.h': No such file or directory
         CPFont.cpp
     1>CPFont.cpp(6): fatal error C1083: Cannot open include file: 'stdafx.h': No such file or directory
         CPLead.cpp
     1>CPLead.cpp(6): fatal error C1083: Cannot open include file: 'stdafx.h': No such file or directory
         CPPartOutline.cpp
     1>CPPartOutline.cpp(2): fatal error C1083: Cannot open include file: 'stdafx.h': No such file or directory
         CPPattern.cpp
     1>CPPattern.cpp(12): fatal error C1083: Cannot open include file: 'stdafx.h': No such file or directory
         CPProfile.cpp
     1>CPProfile.cpp(2): fatal error C1083: Cannot open include file: 'stdafx.h': No such file or directory
         CPToolpath.cpp
     1>CPToolpath.cpp(2): fatal error C1083: Cannot open include file: 'stdafx.h': No such file or directory
         CPZone.cpp
     1>CPZone.cpp(6): fatal error C1083: Cannot open include file: 'stdafx.h': No such file or directory
         CreateProcess.cpp
     1>CreateProcess.cpp(6): fatal error C1083: Cannot open include file: 'stdafx.h': No such file or directory
         Ephemeral.cpp
     1>Ephemeral.cpp(6): fatal error C1083: Cannot open include file: 'stdafx.h': No such file or directory
         geometry.cpp
     1>geometry.cpp(6): fatal error C1083: Cannot open include file: 'stdafx.h': No such file or directory
         StdAfx.cpp
     1>StdAfx.cpp(5): fatal error C1083: Cannot open include file: 'stdafx.h': No such file or directory
         Transform.cpp
     1>Transform.cpp(6): fatal error C1083: Cannot open include file: 'stdafx.h': No such file or directory
         weGeoArc.cpp
     1>weGeoArc.cpp(2): fatal error C1083: Cannot open include file: 'stdafx.h': No such file or directory
         weGeoCurve.cpp
     1>weGeoCurve.cpp(2): fatal error C1083: Cannot open include file: 'stdafx.h': No such file or directory
         weGeoHole.cpp
     1>weGeoHole.cpp(2): fatal error C1083: Cannot open include file: 'stdafx.h': No such file or directory
         weGeoLine.cpp
     1>weGeoLine.cpp(2): fatal error C1083: Cannot open include file: 'stdafx.h': No such file or directory
         Generating Code...
     1>Done Building Project "C:\_Dev\WeCIM22-master2\Temp_Last_From_Edwin\WeCIM20-master\_source\CreateProcess\CreateProcess.vcxproj" (Build target(s)) -- FAILED.

Build FAILED.

Time Elapsed 00:00:00.98
