Build started 3/14/2021 3:15:57 AM.
     1>Project "C:\_Dev\WeCIM22-master2\Temp_Last_From_Edwin\WeCIM20-master\_source\CodeGen\CodeGen.vcxproj" on node 5 (Build target(s)).
     1>ClCompile:
         C:\Program Files (x86)\Microsoft Visual Studio 12.0\VC\bin\CL.exe /c /Zi /nologo /W1 /WX- /O2 /Oy- /Gm- /EHsc /MD /GS /fp:precise /Zc:wchar_t /Zc:forScope /Fo"Template\\" /Fd"Template\vc120.pdb" /Gd /TP /analyze- /errorReport:prompt CiClfile.cpp Ci_CodeGen_Clfile.cpp clfile.cpp ClfileRec.cpp ClfileState.cpp CodeGenOH.cpp CodeGeoRec.cpp CodeGeoXref.cpp CodeUtil.cpp conthier.cpp ContHierNode.cpp LabelDbGenerator.cpp ModelClfile.cpp ModelClfile2.cpp Optimizer.cpp Optimizer2.cpp PathState.cpp PrimsTSP2.cpp SeqRules.cpp ShortestPath.cpp SpeedCalc.cpp StdAfx.cpp ToolSequencer.cpp TSP.cpp Weng_CodeGen_Clfile.cpp WorkPkg.cpp
         CiClfile.cpp
     1>CiClfile.cpp(2): fatal error C1083: Cannot open include file: 'stdafx.h': No such file or directory
         Ci_CodeGen_Clfile.cpp
     1>Ci_CodeGen_Clfile.cpp(2): fatal error C1083: Cannot open include file: 'stdafx.h': No such file or directory
         clfile.cpp
     1>clfile.cpp(2): fatal error C1083: Cannot open include file: 'stdafx.h': No such file or directory
         ClfileRec.cpp
     1>ClfileRec.cpp(2): fatal error C1083: Cannot open include file: 'stdafx.h': No such file or directory
         ClfileState.cpp
     1>ClfileState.cpp(2): fatal error C1083: Cannot open include file: 'stdafx.h': No such file or directory
         CodeGenOH.cpp
     1>CodeGenOH.cpp(2): fatal error C1083: Cannot open include file: 'stdafx.h': No such file or directory
         CodeGeoRec.cpp
     1>CodeGeoRec.cpp(2): fatal error C1083: Cannot open include file: 'stdafx.h': No such file or directory
         CodeGeoXref.cpp
     1>CodeGeoXref.cpp(2): fatal error C1083: Cannot open include file: 'stdafx.h': No such file or directory
         CodeUtil.cpp
     1>CodeUtil.cpp(2): fatal error C1083: Cannot open include file: 'stdafx.h': No such file or directory
         conthier.cpp
     1>conthier.cpp(2): fatal error C1083: Cannot open include file: 'stdafx.h': No such file or directory
         ContHierNode.cpp
     1>ContHierNode.cpp(2): fatal error C1083: Cannot open include file: 'stdafx.h': No such file or directory
         LabelDbGenerator.cpp
     1>LabelDbGenerator.cpp(2): fatal error C1083: Cannot open include file: 'stdafx.h': No such file or directory
         ModelClfile.cpp
     1>ModelClfile.cpp(2): fatal error C1083: Cannot open include file: 'stdafx.h': No such file or directory
         ModelClfile2.cpp
     1>ModelClfile2.cpp(2): fatal error C1083: Cannot open include file: 'stdafx.h': No such file or directory
         Optimizer.cpp
     1>Optimizer.cpp(6): fatal error C1083: Cannot open include file: 'stdafx.h': No such file or directory
         Optimizer2.cpp
     1>Optimizer2.cpp(2): fatal error C1083: Cannot open include file: 'stdafx.h': No such file or directory
         PathState.cpp
     1>PathState.cpp(10): fatal error C1083: Cannot open include file: 'stdafx.h': No such file or directory
         PrimsTSP2.cpp
     1>PrimsTSP2.cpp(2): fatal error C1083: Cannot open include file: 'stdafx.h': No such file or directory
         SeqRules.cpp
     1>SeqRules.cpp(2): fatal error C1083: Cannot open include file: 'stdafx.h': No such file or directory
         ShortestPath.cpp
     1>ShortestPath.cpp(2): fatal error C1083: Cannot open include file: 'stdafx.h': No such file or directory
         Generating Code...
         Compiling...
         SpeedCalc.cpp
     1>SpeedCalc.cpp(2): fatal error C1083: Cannot open include file: 'stdafx.h': No such file or directory
         StdAfx.cpp
     1>StdAfx.cpp(5): fatal error C1083: Cannot open include file: 'stdafx.h': No such file or directory
         ToolSequencer.cpp
     1>ToolSequencer.cpp(2): fatal error C1083: Cannot open include file: 'stdafx.h': No such file or directory
         TSP.cpp
     1>TSP.cpp(8): fatal error C1083: Cannot open include file: 'stdafx.h': No such file or directory
         Weng_CodeGen_Clfile.cpp
     1>Weng_CodeGen_Clfile.cpp(2): fatal error C1083: Cannot open include file: 'stdafx.h': No such file or directory
         WorkPkg.cpp
     1>WorkPkg.cpp(2): fatal error C1083: Cannot open include file: 'stdafx.h': No such file or directory
         Generating Code...
     1>Done Building Project "C:\_Dev\WeCIM22-master2\Temp_Last_From_Edwin\WeCIM20-master\_source\CodeGen\CodeGen.vcxproj" (Build target(s)) -- FAILED.

Build FAILED.

Time Elapsed 00:00:01.45
