Build started 3/14/2021 3:15:54 AM.
     1>Project "C:\_Dev\WeCIM22-master2\Temp_Last_From_Edwin\WeCIM20-master\_source\Toolpath\Toolpath.vcxproj" on node 4 (Build target(s)).
     1>ClCompile:
         C:\Program Files (x86)\Microsoft Visual Studio 12.0\VC\bin\CL.exe /c /Zi /nologo /W1 /WX- /O2 /Oy- /Gm- /EHsc /MD /GS /fp:precise /Zc:wchar_t /Zc:forScope /Fo"Template\\" /Fd"Template\vc120.pdb" /Gd /TP /analyze- /errorReport:prompt AutoIndex.cpp AutoIndexRules.cpp ChArc.cpp ChArcListIterator.cpp ChPart.cpp ChTool.cpp ConvexHull.cpp PathFinder.cpp Raster.cpp Spiral.cpp SpiralGraphNode.cpp StdAfx.cpp Toolpath.cpp Worm.cpp
         AutoIndex.cpp
     1>AutoIndex.cpp(2): fatal error C1083: Cannot open include file: 'stdafx.h': No such file or directory
         AutoIndexRules.cpp
     1>AutoIndexRules.cpp(2): fatal error C1083: Cannot open include file: 'stdafx.h': No such file or directory
         ChArc.cpp
     1>ChArc.cpp(2): fatal error C1083: Cannot open include file: 'stdafx.h': No such file or directory
         ChArcListIterator.cpp
     1>ChArcListIterator.cpp(2): fatal error C1083: Cannot open include file: 'stdafx.h': No such file or directory
         ChPart.cpp
     1>ChPart.cpp(2): fatal error C1083: Cannot open include file: 'stdafx.h': No such file or directory
         ChTool.cpp
     1>ChTool.cpp(2): fatal error C1083: Cannot open include file: 'stdafx.h': No such file or directory
         ConvexHull.cpp
     1>ConvexHull.cpp(2): fatal error C1083: Cannot open include file: 'stdafx.h': No such file or directory
         PathFinder.cpp
     1>PathFinder.cpp(12): fatal error C1083: Cannot open include file: 'stdafx.h': No such file or directory
         Raster.cpp
     1>Raster.cpp(2): fatal error C1083: Cannot open include file: 'stdafx.h': No such file or directory
         Spiral.cpp
     1>Spiral.cpp(2): fatal error C1083: Cannot open include file: 'stdafx.h': No such file or directory
         SpiralGraphNode.cpp
     1>SpiralGraphNode.cpp(2): fatal error C1083: Cannot open include file: 'stdafx.h': No such file or directory
         StdAfx.cpp
     1>StdAfx.cpp(5): fatal error C1083: Cannot open include file: 'stdafx.h': No such file or directory
         Toolpath.cpp
     1>Toolpath.cpp(4): fatal error C1083: Cannot open include file: 'stdafx.h': No such file or directory
         Worm.cpp
     1>Worm.cpp(2): fatal error C1083: Cannot open include file: 'stdafx.h': No such file or directory
         Generating Code...
     1>Done Building Project "C:\_Dev\WeCIM22-master2\Temp_Last_From_Edwin\WeCIM20-master\_source\Toolpath\Toolpath.vcxproj" (Build target(s)) -- FAILED.

Build FAILED.

Time Elapsed 00:00:00.59
