Build started 3/14/2021 3:15:57 AM.
     1>Project "C:\_Dev\WeCIM22-master2\Temp_Last_From_Edwin\WeCIM20-master\_source\NestSupport\NestSupport.vcxproj" on node 6 (Build target(s)).
     1>ClCompile:
         C:\Program Files (x86)\Microsoft Visual Studio 12.0\VC\bin\CL.exe /c /Zi /nologo /W1 /WX- /O2 /Oy- /Gm- /EHsc /MD /GS /fp:precise /Zc:wchar_t /Zc:forScope /Fo"Template\\" /Fd"Template\vc120.pdb" /Gd /TP /analyze- /errorReport:prompt CutBack.cpp Dex.cpp DexGrid.cpp grid.cpp Link.cpp NestConfig.cpp NestedArea.cpp NestingPart.cpp NestRotation.cpp NestSupport.cpp PanelData.cpp PanelList.cpp PanelNode.cpp partbin.cpp PartInstance.cpp PartPlace.cpp polyscan.cpp repozone.cpp Seed.cpp SeedList.cpp seedmgr.cpp sheet.cpp SheetNode.cpp StdAfx.cpp ToolHit.cpp TrueRemnant.cpp
         CutBack.cpp
     1>CutBack.cpp(2): fatal error C1083: Cannot open include file: 'StdAfx.h': No such file or directory
         Dex.cpp
     1>Dex.cpp(6): fatal error C1083: Cannot open include file: 'stdafx.h': No such file or directory
         DexGrid.cpp
     1>DexGrid.cpp(6): fatal error C1083: Cannot open include file: 'stdafx.h': No such file or directory
         grid.cpp
     1>grid.cpp(4): fatal error C1083: Cannot open include file: 'stdafx.h': No such file or directory
         Link.cpp
     1>Link.cpp(2): fatal error C1083: Cannot open include file: 'stdafx.h': No such file or directory
         NestConfig.cpp
     1>NestConfig.cpp(9): fatal error C1083: Cannot open include file: 'stdafx.h': No such file or directory
         NestedArea.cpp
     1>NestedArea.cpp(3): fatal error C1083: Cannot open include file: 'GeoPoly.h': No such file or directory
         NestingPart.cpp
     1>NestingPart.cpp(2): fatal error C1083: Cannot open include file: 'stdafx.h': No such file or directory
         NestRotation.cpp
     1>NestRotation.cpp(6): fatal error C1083: Cannot open include file: 'stdafx.h': No such file or directory
         NestSupport.cpp
     1>NestSupport.cpp(4): fatal error C1083: Cannot open include file: 'stdafx.h': No such file or directory
         PanelData.cpp
     1>PanelData.cpp(6): fatal error C1083: Cannot open include file: 'stdafx.h': No such file or directory
         PanelList.cpp
     1>PanelList.cpp(6): fatal error C1083: Cannot open include file: 'stdafx.h': No such file or directory
         PanelNode.cpp
     1>PanelNode.cpp(6): fatal error C1083: Cannot open include file: 'stdafx.h': No such file or directory
         partbin.cpp
     1>partbin.cpp(6): fatal error C1083: Cannot open include file: 'stdafx.h': No such file or directory
         PartInstance.cpp
     1>PartInstance.cpp(2): fatal error C1083: Cannot open include file: 'stdafx.h': No such file or directory
         PartPlace.cpp
     1>PartPlace.cpp(1): fatal error C1083: Cannot open include file: 'stdafx.h': No such file or directory
         polyscan.cpp
     1>polyscan.cpp(13): fatal error C1083: Cannot open include file: 'stdafx.h': No such file or directory
         repozone.cpp
     1>repozone.cpp(6): fatal error C1083: Cannot open include file: 'stdafx.h': No such file or directory
         Seed.cpp
     1>Seed.cpp(6): fatal error C1083: Cannot open include file: 'stdafx.h': No such file or directory
         SeedList.cpp
     1>SeedList.cpp(6): fatal error C1083: Cannot open include file: 'stdafx.h': No such file or directory
         Generating Code...
         Compiling...
         seedmgr.cpp
     1>seedmgr.cpp(2): fatal error C1083: Cannot open include file: 'stdafx.h': No such file or directory
         sheet.cpp
     1>sheet.cpp(2): fatal error C1083: Cannot open include file: 'stdafx.h': No such file or directory
         SheetNode.cpp
     1>SheetNode.cpp(6): fatal error C1083: Cannot open include file: 'stdafx.h': No such file or directory
         StdAfx.cpp
     1>StdAfx.cpp(5): fatal error C1083: Cannot open include file: 'stdafx.h': No such file or directory
         ToolHit.cpp
     1>ToolHit.cpp(6): fatal error C1083: Cannot open include file: 'stdafx.h': No such file or directory
         TrueRemnant.cpp
     1>TrueRemnant.cpp(2): fatal error C1083: Cannot open include file: 'stdafx.h': No such file or directory
         Generating Code...
     1>Done Building Project "C:\_Dev\WeCIM22-master2\Temp_Last_From_Edwin\WeCIM20-master\_source\NestSupport\NestSupport.vcxproj" (Build target(s)) -- FAILED.

Build FAILED.

Time Elapsed 00:00:01.62
