Build started 3/14/2021 3:15:52 AM.
     1>Project "C:\_Dev\WeCIM22-master2\Temp_Last_From_Edwin\WeCIM20-master\_source\rcvrapp\RcvrApp.vcxproj" on node 5 (Build target(s)).
     1>ClCompile:
         C:\Program Files (x86)\Microsoft Visual Studio 12.0\VC\bin\CL.exe /c /Zi /nologo /W1 /WX- /O2 /Oy- /Gm- /EHsc /MD /GS /fp:precise /Zc:wchar_t /Zc:forScope /Fo"Template\\" /Fd"Template\vc120.pdb" /Gd /TP /analyze- /errorReport:prompt MaxMsgDlg.cpp MsgListBox.cpp RcvrApp.cpp RcvrAppDlg.cpp RecvDlg.cpp StdAfx.cpp
         MaxMsgDlg.cpp
     1>MaxMsgDlg.cpp(4): fatal error C1083: Cannot open include file: 'stdafx.h': No such file or directory
         MsgListBox.cpp
     1>MsgListBox.cpp(4): fatal error C1083: Cannot open include file: 'stdafx.h': No such file or directory
         RcvrApp.cpp
     1>RcvrApp.cpp(2): fatal error C1083: Cannot open include file: 'StdAfx.h': No such file or directory
         RcvrAppDlg.cpp
     1>RcvrAppDlg.cpp(4): fatal error C1083: Cannot open include file: 'stdafx.h': No such file or directory
         RecvDlg.cpp
     1>RecvDlg.cpp(2): fatal error C1083: Cannot open include file: 'StdAfx.h': No such file or directory
         StdAfx.cpp
     1>StdAfx.cpp(5): fatal error C1083: Cannot open include file: 'stdafx.h': No such file or directory
         Generating Code...
     1>Done Building Project "C:\_Dev\WeCIM22-master2\Temp_Last_From_Edwin\WeCIM20-master\_source\rcvrapp\RcvrApp.vcxproj" (Build target(s)) -- FAILED.

Build FAILED.

Time Elapsed 00:00:00.68
