Build started 3/14/2021 3:15:58 AM.
     1>Project "C:\_Dev\WeCIM22-master2\Temp_Last_From_Edwin\WeCIM20-master\_source\NestProcess\NestProcess.vcxproj" on node 7 (Build target(s)).
     1>ClCompile:
         C:\Program Files (x86)\Microsoft Visual Studio 12.0\VC\bin\CL.exe /c /Zi /nologo /W1 /WX- /O2 /Oy- /Gm- /EHsc /MD /GS /fp:precise /Zc:wchar_t /Zc:forScope /Fo"Template\\" /Fd"Template\vc120.pdb" /Gd /TP /analyze- /errorReport:prompt ManualData.cpp nestmgr.cpp NestProcess.cpp NestRepo.cpp PanelNestMgr.cpp Remnant.cpp StdAfx.cpp
         ManualData.cpp
     1>ManualData.cpp(6): fatal error C1083: Cannot open include file: 'stdafx.h': No such file or directory
         nestmgr.cpp
     1>nestmgr.cpp(2): fatal error C1083: Cannot open include file: 'stdafx.h': No such file or directory
         NestProcess.cpp
     1>NestProcess.cpp(2): fatal error C1083: Cannot open include file: 'stdafx.h': No such file or directory
         NestRepo.cpp
     1>NestRepo.cpp(5): fatal error C1083: Cannot open include file: 'stdafx.h': No such file or directory
         PanelNestMgr.cpp
     1>PanelNestMgr.cpp(6): fatal error C1083: Cannot open include file: 'stdafx.h': No such file or directory
         Remnant.cpp
     1>Remnant.cpp(2): fatal error C1083: Cannot open include file: 'stdafx.h': No such file or directory
         StdAfx.cpp
     1>StdAfx.cpp(5): fatal error C1083: Cannot open include file: 'stdafx.h': No such file or directory
         Generating Code...
     1>Done Building Project "C:\_Dev\WeCIM22-master2\Temp_Last_From_Edwin\WeCIM20-master\_source\NestProcess\NestProcess.vcxproj" (Build target(s)) -- FAILED.

Build FAILED.

Time Elapsed 00:00:00.36
